ian@ian-Aspire-One-753:~/python39/Python-3.9.1$ ls
aclocal.m4          configure.ac    Makefile.pre       pybuilddir.txt
asyncb.py           Doc             Makefile.pre.in    pyconfig.h
asyncd.py           Grammar         Misc               pyconfig.h.in
asynce.py           Include         Modules            python
build               install-sh      netlify.toml       Python
CODE_OF_CONDUCT.md  Lib             Objects            python-config
config.guess        libpython3.9.a  Parser             python-config.py
config.log          LICENSE         PC                 python-gdb.py
config.status       m4              PCbuild            README.rst
config.sub          Mac             profile-run-stamp  setup.py
configure           Makefile        Programs           Tools
ian@ian-Aspire-One-753:~/python39/Python-3.9.1$ ./python asyncb.py
Hello ...
... World!
ian@ian-Aspire-One-753:~/python39/Python-3.9.1$ ./python asyncd.py
started at 19:53:42
hello
world
finished at 19:53:45
ian@ian-Aspire-One-753:~/python39/Python-3.9.1$ ./python asynce.py
ian@ian-Aspire-One-753:~/python39/Python-3.9.1$ cat asynce.py
async def main():
    task1 = asyncio.create_task(
        say_after(1, 'hello'))

    task2 = asyncio.create_task(
        say_after(2, 'world'))

    print(f"started at {time.strftime('%X')}")

    # Wait until both tasks are completed (should take
    # around 2 seconds.)
    await task1
    await task2

    print(f"finished at {time.strftime('%X')}")
ian@ian-Aspire-One-753:~/python39/Python-3.9.1$ cat asyncb
cat: asyncb: No such file or directory
ian@ian-Aspire-One-753:~/python39/Python-3.9.1$ cat asyncb.py
import asyncio

async def main():
          print("Hello ...")
          await asyncio.sleep(1)
          print("... World!")

# Python 3.7+
asyncio.run(main())
ian@ian-Aspire-One-753:~/python39/Python-3.9.1$ cat asyncd.py
import asyncio
import time

async def say_after(delay, what):
    await asyncio.sleep(delay)
    print(what)
async def main():
    print(f"started at {time.strftime('%X')}")                                        
    await say_after(1, 'hello')
    await say_after(2, 'world')

    print(f"finished at {time.strftime('%X')}")

asyncio.run(main())
ian@ian-Aspire-One-753:~/python39/Python-3.9.1$ 

