
ian@debian:~$ octave
GNU Octave, version 4.4.1
Copyright (C) 2018 John W. Eaton and others.
This is free software; see the source code for copying conditions.
There is ABSOLUTELY NO WARRANTY; not even for MERCHANTABILITY or
FITNESS FOR A PARTICULAR PURPOSE.  For details, type 'warranty'.

Octave was configured for "x86_64-pc-linux-gnu".

Additional information about Octave is available at https://www.octave.org.

Please contribute if you find this software useful.
For more information, visit https://www.octave.org/get-involved.html

Read https://www.octave.org/bugs.html to learn how to submit bug reports.
For information about changes from previous versions, type 'news'.

octave:1> sym(2)^1024
warning: the 'sym' function belongs to the symbolic package from Octave Forge
which you have installed but not loaded.  To load the package, run 'pkg
load symbolic' from the Octave prompt.

Please read <https://www.octave.org/missing.html> to learn how you can
contribute missing functionality.
error: 'sym' undefined near line 1 column 1
octave:1> pkg load symbolic
octave:2> sym(2)^1024
Symbolic pkg v2.7.1: Python communication link active, SymPy v1.3.
ans = (sym)

  179769313486231590772930519078902473361797697894230657273430081157732675805500
  963132708477322407536021120113879871393357658789768814416622492847430639474124
  377767893424865485276302219601246094119453082952085005768838150682342462881473
  913110540827237163350510684586298239947245938479716304835356329624224137216

octave:3> sym(2)^2048
ans = (sym)

  323170060713110073007148766886699519604441026697154840321303454275246551388678
  908931972014115229134636887179609218980194941195591504909210950881523864482831
  206308773673009960917501977503896521067960576383840675682767922186426197561618
  380943384761704705816458520363050428875758915410658086075523991239303855219143
  333896683424206849747865645694948561760353263220580778056593310261927084603141
  502585928641771167259436037184618573575983511523016459044036976132332872312271
  256847108202097251571017269313234696785425806566979350459972683529986382155251
  66389437335543602135433229604645318478604952148193555853611059596230656

octave:4> sym(2)^4096
ans = (sym)

  104438888141315250669175271071662438257996424904738378038423348328395390797155
  745684882681193499755834089010671443926283798757343818579360726323608785136527
  794595697654370999834036159013438371831442807001185594622637631883939771274567
  233468434458661749680790870580370407128404874011860911446797778359802900668693
  897688178778594690563019026094059957945343282346930302669644305902501597239986
  771421554169383555988529148631823791443449673408781187263949647510018904134900
  841706167509366833385055103297208826955076998361636941193301521379682583718809
  183365675122131849284636812555022599830041234478486259567449219461702380650591
  324561082573183538008760862210283427019769820231316901767800667519548507992163
  641937028537512478401490715913545998279051339961155179427110683113409058427288
  427979155484978295432353451706522326906139490598769300212296339568778287894844
  061600741294567491982305057164237715481632138063104590291613692670834285644073
  044789997190178146576347322385026725305989979599609079946920177462481771844986
  745565925017832907047311943316555080756822184657174637329688491281952031745700
  244092661691087414838507841192980452298185733897764810312608590300130241346718
  9726673216491511131602920781738033436090243804708340403154190336

octave:5> sym(2)^8192
ans = (sym)

  109074813561941592946298424473378286244826416199623269243183278618972133184911
  929521626423452520198722395729179615702527310987082017718406361097976507755479
  907890629884219298953860982522804820515969685161359163819677188654260932456012
  129055390188630101790025253579991720001007960002653583680090529780588095235050
  163019547565391100531236456001484742603529355124584392891875276869627934408805
  561751569434994540667782514081490061610592025643850457801332649356583604724240
  738244281224513151775751916489922636574372243227736807502762788304520650179276
  170094569916849725787968385173704999690096112051565505011556127149149251534210
  574896662954703278632150573082843022166497032439613863525162640951616800542762
  343599630892169144618118740639531066540488573943483287742816740749537099351186
  875635997039011702182361674945862096985700626361208270671540815706657513728102
  702231092756491027675916052087830463241104936456875492096732298245918476342738
  379027244843801852697776494107271561158043469082745933999196141424274141059911
  742606055648376375631452761136265862838336862115799363802087853767554533678991
  569423443395566631507008721353547025567031200413072549583450835743965382893607
  708097855057891296790735278005493562156109079584517295411597292747987752773856
  000820411855893000477774872776185381351049384058186159865221160596030835640594
  182118971403786872621948149872760365361629885617482241303348543878532402475141
  941718301228107820972930353737280457437209522870362277636394529086980625842235
  514850757103961938744962986680818876966281577815307939317909314364834076173858
  181956300299442279075495506128881830843007964869323217915876591803556521615711
  540299212027615560787310793747746684152836298770869945015203123186259420308569
  383894465706134623670423402682110295895495119708707654618662279629453645162075
  650935101890602377382153953277620867697858973196633030889330466516943618507835
  064156833694453005143749131129883436726523859540490427345592872394952522718461
  740436785475461047437701976802557660588103807727070771794222197709038543858584
  409549211609985253890397465570394397308609093059696336076752996493841459818570
  596375456149735582781362383328890630900428801732142480866396267133352800923275
  835087305961411872378142210146019861574738685509689608918918044133955852482286
  754111321263879367556765034036297003193002339782846531854723824423202801518968
  966041882297600081543761065225427016359565087543385114712321422726660540358178
  1469090806576468950587661997186505665475715792896

octave:6> sym(2)^2
ans = (sym) 4
octave:7> 1 / (sym(2)^8196)
ans = (sym)

  1/1745197016991065487140774791574052579917222659193972307890932457903554130958
  590872346022775240323179558331666873851240436975793312283494501777567624124087
  678526250078147508783261775720364877128255514962581746621114835018468174919296
  194064886243018081628640404057279867520016127360042457338881448476489409523760
  802608312761046257608499783296023755881656469681993350286270004429914046950540
  888988025110959912650684520225303840985769472410301607324821322389705337675587
  851811908499592210428412030663838762185189955891643788920044204612872330402868
  418721513118669595612607494162779279995041537792825048080184898034386388024547
  369198346607275252458114409169325488354663952519033821816402602255225868808684
  197497594094274706313889899850232497064647817183095732603885067851992593589618
  990010175952624187234917786799133793551771210021779332330744653051306520219649
  643235697484103856442814656833405287411857678983310007873547716771934695621483
  814064435917500829643164423905716344978528695505323934943987138262788386256958
  587881696890374022010103244178180253805413389793852789820833405660280872538863
  865110775094329066104112139541656752409072499206609160793335213371903446126297
  723329565680926260748651764448087896994497745273352276726585556683967804044381
  696013126589694288007644397964418966101616790144930978557843538569536493370249
  506913903542460589961951170397964165845786078169879715860853576702056518439602
  271067492819649725135566885659796487318995352365925796442182312465391690013475
  768237612113663391019919407786893102031460505245044927029086549029837345218781
  730911300804791076465207928098062109293488127437909171486654025468856904345851
  384644787392441848972596972699963946946445380780333919120243249970980150724937
  110142311451298153978726774442913764734327921915339322473898596474071258322593
  210414961630249638038114463252441933883165743571146128494229287464271097896125
  361026509339111248082299986098078134987624381752647846837529485958319240363495
  387846988567607376759003231628840922569409660923633132348707555163344616701737
  350552787385759764062246359449126310356937745488955141377228047943901463357097
  129542007298395769324501798133262250094406860827714279693862340274133644814772
  413361396895382589958050275362336317785195818968155033742702688706143293639716
  588065781140222069880908240544580752051088037436525544509675581190771244824303
  503456670116761601304700177043606832261753041400694161835397142763626568645730
  8503505452905223503209402591954984090647611452686336

octave:8> 

