ian@ian-Aspire-One-753:~$ mkdir dwave-ocean-sdk
ian@ian-Aspire-One-753:~$ cd dwave-ocean-sdk
ian@ian-Aspire-One-753:~/dwave-ocean-sdk$ git clone https://github.com/dwavesystems/dwave-ocean-sdk.git
Cloning into 'dwave-ocean-sdk'...
remote: Enumerating objects: 34, done.
remote: Counting objects: 100% (34/34), done.
remote: Compressing objects: 100% (28/28), done.
remote: Total 2404 (delta 11), reused 15 (delta 5), pack-reused 2370
Receiving objects: 100% (2404/2404), 8.83 MiB | 4.72 MiB/s, done.
Resolving deltas: 100% (1443/1443), done.
ian@ian-Aspire-One-753:~/dwave-ocean-sdk$ cd dwave-ocean-sdk
ian@ian-Aspire-One-753:~/dwave-ocean-sdk/dwave-ocean-sdk$ ls
CONTRIBUTING.rst    dwave-greedy     dwaveoceansdk  minorminer    tests
dimod               dwave-hybrid     dwave-qbsolv   penaltymodel
docs                dwave-inspector  dwave-system   README.rst
dwavebinarycsp      dwave-neal       dwave-tabu     setup.cfg
dwave-cloud-client  dwave-networkx   LICENSE        setup.py
ian@ian-Aspire-One-753:~/dwave-ocean-sdk/dwave-ocean-sdk$ cat README.rst
.. image:: https://img.shields.io/pypi/v/dwave-ocean-sdk.svg
    :target: https://pypi.python.org/pypi/dwave-ocean-sdk

.. image:: https://ci.appveyor.com/api/projects/status/c8ofdgyiy4w38lu3?svg=true
    :target: https://ci.appveyor.com/project/dwave-adtt/dwave-ocean-sdk

.. image:: https://circleci.com/gh/dwavesystems/dwave-ocean-sdk.svg?style=svg
    :target: https://circleci.com/gh/dwavesystems/dwave-ocean-sdk

.. index-start-marker

dwave-ocean-sdk
===============

Installer for D-Wave's Ocean Tools.


Installation
------------

.. installation-start-marker

Compatible with Python 3.5+:

.. code-block:: bash

    pip install dwave-ocean-sdk

To install from source:

.. code-block:: bash

    python setup.py install

.. installation-end-marker

Next Steps
----------

For information on configuring solvers and using the Ocean tools, see
the `Ocean Documentation <https://docs.ocean.dwavesys.com/en/latest/>`_\ .
ian@ian-Aspire-One-753:~/dwave-ocean-sdk/dwave-ocean-sdk$ sudo python setup.py install
[sudo] password for ian: 
Traceback (most recent call last):
  File "setup.py", line 17, in <module>
    from setuptools import setup
ImportError: No module named setuptools
ian@ian-Aspire-One-753:~/dwave-ocean-sdk/dwave-ocean-sdk$ sudo apt install setuptools.py
Reading package lists... Done
Building dependency tree       
Reading state information... Done
E: Unable to locate package setuptools.py
E: Couldn't find any package by glob 'setuptools.py'
E: Couldn't find any package by regex 'setuptools.py'
ian@ian-Aspire-One-753:~/dwave-ocean-sdk/dwave-ocean-sdk$ pip3 install setuptools.py
Defaulting to user installation because normal site-packages is not writeable
WARNING: pip is configured with locations that require TLS/SSL, however the ssl module in Python is not available.
WARNING: Retrying (Retry(total=4, connect=None, read=None, redirect=None, status=None)) after connection broken by 'SSLError("Can't connect to HTTPS URL because the SSL module is not available.")': /simple/setuptools-py/
WARNING: Retrying (Retry(total=3, connect=None, read=None, redirect=None, status=None)) after connection broken by 'SSLError("Can't connect to HTTPS URL because the SSL module is not available.")': /simple/setuptools-py/
WARNING: Retrying (Retry(total=2, connect=None, read=None, redirect=None, status=None)) after connection broken by 'SSLError("Can't connect to HTTPS URL because the SSL module is not available.")': /simple/setuptools-py/
WARNING: Retrying (Retry(total=1, connect=None, read=None, redirect=None, status=None)) after connection broken by 'SSLError("Can't connect to HTTPS URL because the SSL module is not available.")': /simple/setuptools-py/
WARNING: Retrying (Retry(total=0, connect=None, read=None, redirect=None, status=None)) after connection broken by 'SSLError("Can't connect to HTTPS URL because the SSL module is not available.")': /simple/setuptools-py/
Could not fetch URL https://pypi.org/simple/setuptools-py/: There was a problem confirming the ssl certificate: HTTPSConnectionPool(host='pypi.org', port=443): Max retries exceeded with url: /simple/setuptools-py/ (Caused by SSLError("Can't connect to HTTPS URL because the SSL module is not available.")) - skipping
ERROR: Could not find a version that satisfies the requirement setuptools.py (from versions: none)
ERROR: No matching distribution found for setuptools.py
WARNING: pip is configured with locations that require TLS/SSL, however the ssl module in Python is not available.
Could not fetch URL https://pypi.org/simple/pip/: There was a problem confirming the ssl certificate: HTTPSConnectionPool(host='pypi.org', port=443): Max retries exceeded with url: /simple/pip/ (Caused by SSLError("Can't connect to HTTPS URL because the SSL module is not available.")) - skipping
ian@ian-Aspire-One-753:~/dwave-ocean-sdk/dwave-ocean-sdk$ sudo apt install setuptools-py
Reading package lists... Done
Building dependency tree       
Reading state information... Done
E: Unable to locate package setuptools-py
ian@ian-Aspire-One-753:~/dwave-ocean-sdk/dwave-ocean-sdk$ sudo apt install setuptools.*
Reading package lists... Done
Building dependency tree       
Reading state information... Done
Note, selecting 'python-setuptools-whl' for regex 'setuptools.*'
Note, selecting 'pypy-setuptools' for regex 'setuptools.*'
Note, selecting 'python3-setuptools-git' for regex 'setuptools.*'
Note, selecting 'python-setuptools-doc' for regex 'setuptools.*'
Note, selecting 'python2.7-setuptools-git' for regex 'setuptools.*'
Note, selecting 'python-setuptools-git' for regex 'setuptools.*'
Note, selecting 'python-setuptools' for regex 'setuptools.*'
Note, selecting 'pypy-setuptools-scm' for regex 'setuptools.*'
Note, selecting 'python3-setuptools-scm' for regex 'setuptools.*'
Note, selecting 'python-setuptools-scm' for regex 'setuptools.*'
Note, selecting 'python3-setuptools' for regex 'setuptools.*'
Note, selecting 'python-setuptools-git' instead of 'python2.7-setuptools-git'
python3-setuptools is already the newest version (39.0.1-2).
python3-setuptools set to manually installed.
The following additional packages will be installed:
  pypy pypy-lib pypy-pkg-resources
Suggested packages:
  pypy-doc pypy-tk
The following NEW packages will be installed:
  pypy pypy-lib pypy-pkg-resources pypy-setuptools pypy-setuptools-scm
  python-setuptools python-setuptools-doc python-setuptools-git
  python-setuptools-scm python3-setuptools-git python3-setuptools-scm
0 to upgrade, 11 to newly install, 0 to remove and 4 not to upgrade.
Need to get 14.1 MB of archives.
After this operation, 89.6 MB of additional disk space will be used.
Do you want to continue? [Y/n] y
Get:1 http://au.archive.ubuntu.com/ubuntu bionic/universe amd64 pypy-lib amd64 5.10.0+dfsg-3build2 [2,303 kB]
Get:2 http://au.archive.ubuntu.com/ubuntu bionic/universe amd64 pypy amd64 5.10.0+dfsg-3build2 [10.8 MB]
Get:3 http://au.archive.ubuntu.com/ubuntu bionic/universe amd64 pypy-pkg-resources all 39.0.1-2 [98.8 kB]
Get:4 http://au.archive.ubuntu.com/ubuntu bionic/universe amd64 pypy-setuptools all 39.0.1-2 [247 kB]
Get:5 http://au.archive.ubuntu.com/ubuntu bionic/universe amd64 pypy-setuptools-scm all 1.15.6-1 [13.3 kB]
Get:6 http://au.archive.ubuntu.com/ubuntu bionic/main amd64 python-setuptools all 39.0.1-2 [329 kB]
Get:7 http://au.archive.ubuntu.com/ubuntu bionic/main amd64 python-setuptools-doc all 39.0.1-2 [208 kB]
Get:8 http://au.archive.ubuntu.com/ubuntu bionic/universe amd64 python-setuptools-git all 1.2-1 [11.3 kB]
Get:9 http://au.archive.ubuntu.com/ubuntu bionic/universe amd64 python-setuptools-scm all 1.15.6-1 [13.7 kB]
Get:10 http://au.archive.ubuntu.com/ubuntu bionic/universe amd64 python3-setuptools-git all 1.2-1 [11.4 kB]
Get:11 http://au.archive.ubuntu.com/ubuntu bionic/universe amd64 python3-setuptools-scm all 1.15.6-1 [13.3 kB]
Fetched 14.1 MB in 4s (3,855 kB/s)                
Selecting previously unselected package pypy-lib:amd64.
(Reading database ... 698186 files and directories currently installed.)
Preparing to unpack .../00-pypy-lib_5.10.0+dfsg-3build2_amd64.deb ...
Unpacking pypy-lib:amd64 (5.10.0+dfsg-3build2) ...
Selecting previously unselected package pypy.
Preparing to unpack .../01-pypy_5.10.0+dfsg-3build2_amd64.deb ...
Unpacking pypy (5.10.0+dfsg-3build2) ...
Selecting previously unselected package pypy-pkg-resources.
Preparing to unpack .../02-pypy-pkg-resources_39.0.1-2_all.deb ...
Unpacking pypy-pkg-resources (39.0.1-2) ...
Selecting previously unselected package pypy-setuptools.
Preparing to unpack .../03-pypy-setuptools_39.0.1-2_all.deb ...
Unpacking pypy-setuptools (39.0.1-2) ...
Selecting previously unselected package pypy-setuptools-scm.
Preparing to unpack .../04-pypy-setuptools-scm_1.15.6-1_all.deb ...
Unpacking pypy-setuptools-scm (1.15.6-1) ...
Selecting previously unselected package python-setuptools.
Preparing to unpack .../05-python-setuptools_39.0.1-2_all.deb ...
Unpacking python-setuptools (39.0.1-2) ...
Selecting previously unselected package python-setuptools-doc.
Preparing to unpack .../06-python-setuptools-doc_39.0.1-2_all.deb ...
Unpacking python-setuptools-doc (39.0.1-2) ...
Selecting previously unselected package python-setuptools-git.
Preparing to unpack .../07-python-setuptools-git_1.2-1_all.deb ...
Unpacking python-setuptools-git (1.2-1) ...
Selecting previously unselected package python-setuptools-scm.
Preparing to unpack .../08-python-setuptools-scm_1.15.6-1_all.deb ...
Unpacking python-setuptools-scm (1.15.6-1) ...
Selecting previously unselected package python3-setuptools-git.
Preparing to unpack .../09-python3-setuptools-git_1.2-1_all.deb ...
Unpacking python3-setuptools-git (1.2-1) ...
Selecting previously unselected package python3-setuptools-scm.
Preparing to unpack .../10-python3-setuptools-scm_1.15.6-1_all.deb ...
Unpacking python3-setuptools-scm (1.15.6-1) ...
Setting up python-setuptools (39.0.1-2) ...
Setting up pypy-setuptools-scm (1.15.6-1) ...
Setting up python-setuptools-doc (39.0.1-2) ...
Setting up python-setuptools-scm (1.15.6-1) ...
Setting up python3-setuptools-scm (1.15.6-1) ...
Setting up pypy-lib:amd64 (5.10.0+dfsg-3build2) ...
Setting up pypy (5.10.0+dfsg-3build2) ...
running pypy rtupdate hooks for 5.10
running pypy post-rtupdate hooks for 5.10
Setting up pypy-pkg-resources (39.0.1-2) ...
Setting up python3-setuptools-git (1.2-1) ...
Setting up python-setuptools-git (1.2-1) ...
Setting up pypy-setuptools (39.0.1-2) ...
Processing triggers for man-db (2.8.3-2ubuntu0.1) ...
ian@ian-Aspire-One-753:~/dwave-ocean-sdk/dwave-ocean-sdk$ ls
CONTRIBUTING.rst    dwave-greedy     dwaveoceansdk  minorminer    tests
dimod               dwave-hybrid     dwave-qbsolv   penaltymodel
docs                dwave-inspector  dwave-system   README.rst
dwavebinarycsp      dwave-neal       dwave-tabu     setup.cfg
dwave-cloud-client  dwave-networkx   LICENSE        setup.py
ian@ian-Aspire-One-753:~/dwave-ocean-sdk/dwave-ocean-sdk$ python setup.py install
running install
error: can't create or remove files in install directory

The following error occurred while trying to add or remove files in the
installation directory:

    [Errno 13] Permission denied: '/usr/local/lib/python2.7/dist-packages/test-easy-install-6268.write-test'

The installation directory you specified (via --install-dir, --prefix, or
the distutils default setting) was:

    /usr/local/lib/python2.7/dist-packages/

Perhaps your account does not have write access to this directory?  If the
installation directory is a system-owned directory, you may need to sign in
as the administrator or "root" account.  If you do not have administrative
access to this machine, you may wish to choose a different installation
directory, preferably one that is listed in your PYTHONPATH environment
variable.

For information on other options, you may wish to consult the
documentation at:

  https://setuptools.readthedocs.io/en/latest/easy_install.html

Please make the appropriate changes for your system and try again.

ian@ian-Aspire-One-753:~/dwave-ocean-sdk/dwave-ocean-sdk$ sudo python setup.py install
running install
running bdist_egg
running egg_info
creating dwave_ocean_sdk.egg-info
writing requirements to dwave_ocean_sdk.egg-info/requires.txt
writing dwave_ocean_sdk.egg-info/PKG-INFO
writing top-level names to dwave_ocean_sdk.egg-info/top_level.txt
writing dependency_links to dwave_ocean_sdk.egg-info/dependency_links.txt
writing manifest file 'dwave_ocean_sdk.egg-info/SOURCES.txt'
writing manifest file 'dwave_ocean_sdk.egg-info/SOURCES.txt'
installing library code to build/bdist.linux-x86_64/egg
running install_lib
running build_py
creating build
creating build/lib.linux-x86_64-2.7
creating build/lib.linux-x86_64-2.7/dwaveoceansdk
copying dwaveoceansdk/__init__.py -> build/lib.linux-x86_64-2.7/dwaveoceansdk
copying dwaveoceansdk/package_info.py -> build/lib.linux-x86_64-2.7/dwaveoceansdk
creating build/bdist.linux-x86_64
creating build/bdist.linux-x86_64/egg
creating build/bdist.linux-x86_64/egg/dwaveoceansdk
copying build/lib.linux-x86_64-2.7/dwaveoceansdk/__init__.py -> build/bdist.linux-x86_64/egg/dwaveoceansdk
copying build/lib.linux-x86_64-2.7/dwaveoceansdk/package_info.py -> build/bdist.linux-x86_64/egg/dwaveoceansdk
byte-compiling build/bdist.linux-x86_64/egg/dwaveoceansdk/__init__.py to __init__.pyc
byte-compiling build/bdist.linux-x86_64/egg/dwaveoceansdk/package_info.py to package_info.pyc
creating build/bdist.linux-x86_64/egg/EGG-INFO
copying dwave_ocean_sdk.egg-info/PKG-INFO -> build/bdist.linux-x86_64/egg/EGG-INFO
copying dwave_ocean_sdk.egg-info/SOURCES.txt -> build/bdist.linux-x86_64/egg/EGG-INFO
copying dwave_ocean_sdk.egg-info/dependency_links.txt -> build/bdist.linux-x86_64/egg/EGG-INFO
copying dwave_ocean_sdk.egg-info/requires.txt -> build/bdist.linux-x86_64/egg/EGG-INFO
copying dwave_ocean_sdk.egg-info/top_level.txt -> build/bdist.linux-x86_64/egg/EGG-INFO
zip_safe flag not set; analyzing archive contents...
creating dist
creating 'dist/dwave_ocean_sdk-3.3.0-py2.7.egg' and adding 'build/bdist.linux-x86_64/egg' to it
removing 'build/bdist.linux-x86_64/egg' (and everything under it)
Processing dwave_ocean_sdk-3.3.0-py2.7.egg
Copying dwave_ocean_sdk-3.3.0-py2.7.egg to /usr/local/lib/python2.7/dist-packages
Adding dwave-ocean-sdk 3.3.0 to easy-install.pth file

Installed /usr/local/lib/python2.7/dist-packages/dwave_ocean_sdk-3.3.0-py2.7.egg
Processing dependencies for dwave-ocean-sdk==3.3.0
Searching for penaltymodel-mip==0.2.4
Reading https://pypi.python.org/simple/penaltymodel-mip/
Downloading https://files.pythonhosted.org/packages/d7/74/c099f0be930bceefa20f6a025a3eae3deffdc3f11bc039fe17f3b3a334eb/penaltymodel-mip-0.2.4.tar.gz#sha256=c3471a8f10107b163ab0035125fe861a3c55808e7656db9ed524451667ff1e38
Best match: penaltymodel-mip 0.2.4
Processing penaltymodel-mip-0.2.4.tar.gz
Writing /tmp/easy_install-NxsBUp/penaltymodel-mip-0.2.4/setup.cfg
Running penaltymodel-mip-0.2.4/setup.py -q bdist_egg --dist-dir /tmp/easy_install-NxsBUp/penaltymodel-mip-0.2.4/egg-dist-tmp-KnjnSy
creating /usr/local/lib/python2.7/dist-packages/penaltymodel_mip-0.2.4-py2.7.egg
Extracting penaltymodel_mip-0.2.4-py2.7.egg to /usr/local/lib/python2.7/dist-packages
Adding penaltymodel-mip 0.2.4 to easy-install.pth file

Installed /usr/local/lib/python2.7/dist-packages/penaltymodel_mip-0.2.4-py2.7.egg
Searching for pyqubo==1.0.10
Reading https://pypi.python.org/simple/pyqubo/
Downloading https://files.pythonhosted.org/packages/52/f0/bcec46e21c076e599424cef8218b426c0fd1c9cb5ec51fbe4b9705d43953/pyqubo-1.0.10.tar.gz#sha256=c90d1449e096d820cadf1e4d64b970bd0d058ce47332005a83c3f33225a79705
Best match: pyqubo 1.0.10
Processing pyqubo-1.0.10.tar.gz
Writing /tmp/easy_install-QOzYsT/pyqubo-1.0.10/setup.cfg
Running pyqubo-1.0.10/setup.py -q bdist_egg --dist-dir /tmp/easy_install-QOzYsT/pyqubo-1.0.10/egg-dist-tmp-Ssh22i
Traceback (most recent call last):
  File "setup.py", line 84, in <module>
    extras_require=extras_require
  File "/usr/lib/python2.7/dist-packages/setuptools/__init__.py", line 129, in setup
    return distutils.core.setup(**attrs)
  File "/usr/lib/python2.7/distutils/core.py", line 151, in setup
    dist.run_commands()
  File "/usr/lib/python2.7/distutils/dist.py", line 953, in run_commands
    self.run_command(cmd)
  File "/usr/lib/python2.7/distutils/dist.py", line 972, in run_command
    cmd_obj.run()
  File "/usr/lib/python2.7/dist-packages/setuptools/command/install.py", line 67, in run
    self.do_egg_install()
  File "/usr/lib/python2.7/dist-packages/setuptools/command/install.py", line 117, in do_egg_install
    cmd.run()
  File "/usr/lib/python2.7/dist-packages/setuptools/command/easy_install.py", line 437, in run
    self.easy_install(spec, not self.no_deps)
  File "/usr/lib/python2.7/dist-packages/setuptools/command/easy_install.py", line 679, in easy_install
    return self.install_item(None, spec, tmpdir, deps, True)
  File "/usr/lib/python2.7/dist-packages/setuptools/command/easy_install.py", line 726, in install_item
    self.process_distribution(spec, dist, deps)
  File "/usr/lib/python2.7/dist-packages/setuptools/command/easy_install.py", line 771, in process_distribution
    [requirement], self.local_index, self.easy_install
  File "/usr/lib/python2.7/dist-packages/pkg_resources/__init__.py", line 774, in resolve
    replace_conflicting=replace_conflicting
  File "/usr/lib/python2.7/dist-packages/pkg_resources/__init__.py", line 1057, in best_match
    return self.obtain(req, installer)
  File "/usr/lib/python2.7/dist-packages/pkg_resources/__init__.py", line 1069, in obtain
    return installer(requirement)
  File "/usr/lib/python2.7/dist-packages/setuptools/command/easy_install.py", line 698, in easy_install
    return self.install_item(spec, dist.location, tmpdir, deps)
  File "/usr/lib/python2.7/dist-packages/setuptools/command/easy_install.py", line 724, in install_item
    dists = self.install_eggs(spec, download, tmpdir)
  File "/usr/lib/python2.7/dist-packages/setuptools/command/easy_install.py", line 909, in install_eggs
    return self.build_and_install(setup_script, setup_base)
  File "/usr/lib/python2.7/dist-packages/setuptools/command/easy_install.py", line 1177, in build_and_install
    self.run_setup(setup_script, setup_base, args)
  File "/usr/lib/python2.7/dist-packages/setuptools/command/easy_install.py", line 1163, in run_setup
    run_setup(setup_script, args)
  File "/usr/lib/python2.7/dist-packages/setuptools/sandbox.py", line 253, in run_setup
    raise
  File "/usr/lib/python2.7/contextlib.py", line 35, in __exit__
    self.gen.throw(type, value, traceback)
  File "/usr/lib/python2.7/dist-packages/setuptools/sandbox.py", line 195, in setup_context
    yield
  File "/usr/lib/python2.7/contextlib.py", line 35, in __exit__
    self.gen.throw(type, value, traceback)
  File "/usr/lib/python2.7/dist-packages/setuptools/sandbox.py", line 166, in save_modules
    saved_exc.resume()
  File "/usr/lib/python2.7/dist-packages/setuptools/sandbox.py", line 141, in resume
    six.reraise(type, exc, self._tb)
  File "/usr/lib/python2.7/dist-packages/setuptools/sandbox.py", line 154, in save_modules
    yield saved
  File "/usr/lib/python2.7/dist-packages/setuptools/sandbox.py", line 195, in setup_context
    yield
  File "/usr/lib/python2.7/dist-packages/setuptools/sandbox.py", line 250, in run_setup
    _execfile(setup_script, ns)
  File "/usr/lib/python2.7/dist-packages/setuptools/sandbox.py", line 45, in _execfile
    exec(code, globals, locals)
  File "/tmp/easy_install-QOzYsT/pyqubo-1.0.10/setup.py", line 15, in <module>
    from __future__ import absolute_import
ImportError: No module named skbuild
ian@ian-Aspire-One-753:~/dwave-ocean-sdk/dwave-ocean-sdk$ baobab


